// Jest Snapshot v1, https://goo.gl/fbAQLP

exports[`element.melody.twig 1`] = `
<div>
    <img src="person.jpg">
</div>

<p>
    This is some text This is some text This is some text This is some text This is some text This is some text This is some text This is some text This is some text 
</p>
~~~~~~~~~~~~~~~~~~~~~~~~~~~~~~~~~~~~~~~~~~~~~~~~~~~~~~~~~~~~~~~~~~~~~~~~~~~~~~~~
<div><img src="person.jpg" /></div>


<p>
    This is some text This is some text This is some text This is some text This is some text This is some text This is some text This is some text This is some text
</p>
`;
