// Jest Snapshot v1, https://goo.gl/fbAQLP

exports[`if.melody.twig 1`] = `
<div>
    {% if foo %}
        <div class="foo"></div>
    {% else %}
        <div class="bar"></div>
    {% endif %}
</div>
~~~~~~~~~~~~~~~~~~~~~~~~~~~~~~~~~~~~~~~~~~~~~~~~~~~~~~~~~~~~~~~~~~~~~~~~~~~~~~~~
<div>
    {% if foo %}
        <div class="foo"></div>
    {% else %}
        <div class="bar"></div>
    {% endif %}
</div>

`;
