// Jest Snapshot v1, https://goo.gl/fbAQLP

exports[`failing.melody.twig 1`] = `
{% if searchResultFailing %}
<li><span><!--//--></span>No results found</li>
{% endif %}

<span data-whitespace-test="Testing: {{- noWhitespaceTest -}} foo">Test</span>

{% set isRewardRate = isMarriottRewardRate or 
    (rewardRateAltIds 
        and deal.dealId in rewardRateAltIds[accommodation.id.id]) 
%}
~~~~~~~~~~~~~~~~~~~~~~~~~~~~~~~~~~~~~~~~~~~~~~~~~~~~~~~~~~~~~~~~~~~~~~~~~~~~~~~~
{% if searchResultFailing %}
    <li><span></span>No results found</li>
{% endif %}

<span data-whitespace-test="{{ "Testing:" ~ noWhitespaceTest ~ "foo" }}">
    Test
</span>

{% set isRewardRate =
    isMarriottRewardRate
    or rewardRateAltIds and deal.dealId in rewardRateAltIds[accommodation.id.id]
%}
`;
