// Jest Snapshot v1, https://goo.gl/fbAQLP

exports[`controversial.melody.twig 1`] = `
{% set isRewardRate = isMarriottRewardRate or (rewardRateAltIds and deal.dealId in rewardRateAltIds[accommodation.id.id]) %}

<!-- Alternatively, introduce another variable -->
{% set altIds = rewardRateAltIds[accommodation.id.id] %}
{% set isRewardRate = isMarriottRewardRate or (rewardRateAltIds and deal.dealId in altIds) %}

<!-- Always break objects -->
<section class="{{ {
    base: css.prices
} | classes }}">
</section>

<!-- This is what happens if we reduce indentation depth here:
    "as" and object keys at same indentation level
-->
<article>
    {% mount '@hotelsearch/accommodation-list/src/Slideout/index'
        as 'accommodation-slideout-' ~ accommodation.id.id with {
        key: 'accommodation-slideout-' ~ accommodation.id.id,
        itemId: accommodation.id.id,
        item: accommodation,
        isSearchedItem: isSearchedItem,
        bestPrice: accommodation.deals.bestPrice,
        insights: hasInsights ? insightsData.accommodation.id.id,
        clickedAltDealPartnerId: clickedAltDealPartnerId,
        entirePlace: isEntirePlace ? entirePlaceData.accommodation.id.id
    } %}
</article>
~~~~~~~~~~~~~~~~~~~~~~~~~~~~~~~~~~~~~~~~~~~~~~~~~~~~~~~~~~~~~~~~~~~~~~~~~~~~~~~~
{% set isRewardRate = isMarriottRewardRate
    or rewardRateAltIds and deal.dealId in rewardRateAltIds[accommodation.id.id]
%}

<!-- Alternatively, introduce another variable -->
{% set altIds = rewardRateAltIds[accommodation.id.id] %}
{% set isRewardRate = isMarriottRewardRate
    or rewardRateAltIds and deal.dealId in altIds
%}

<!-- Always break objects -->
<section class="{{ {
        base: css.prices
    } | classes }}"></section>

<!-- This is what happens if we reduce indentation depth here:
    "as" and object keys at same indentation level
-->
<article>
    {% mount '@hotelsearch/accommodation-list/src/Slideout/index'
        as 'accommodation-slideout-' ~ accommodation.id.id with {
            key: 'accommodation-slideout-' ~ accommodation.id.id,
            itemId: accommodation.id.id,
            item: accommodation,
            isSearchedItem: isSearchedItem,
            bestPrice: accommodation.deals.bestPrice,
            insights: hasInsights ? insightsData.accommodation.id.id,
            clickedAltDealPartnerId: clickedAltDealPartnerId,
            entirePlace: isEntirePlace ? entirePlaceData.accommodation.id.id
        }
    %}
</article>

`;

exports[`failing.melody.twig 1`] = `
<!-- Cannot fix this. Either always parentheses, or never when args empty -->
{% include './partials/arrowBtn.melody.twig' with {
    ref: prev | parensStripped(),
} only %}

<!-- reduce indentation depth -->
{% mount './web47490/PackageDealBadge' as 'PackageDealBadge' with {
    packageDealOTAId: accommodation.packageDealOTAId,
    destination: accommodation.locality.value,
    accommodationId: accommodation.id.id
} %}

<!-- Remove space at the end of attribute -->
<div id="pspIframe ">abcd</div>

<p class="alert__message">
    {{
        'results_for'
            | translate({
                searchedterm: '<mark class="highlight-search-term">' ~ semKeyword ~ '</mark>'
            })
            | raw
    }}
</p>

<!-- don't break -->
{% if isLeftToRight %}Hund{% endif %} 

{% if isRTL %}
        {{ '&#8206;' | raw }}
    {% endif %}
~~~~~~~~~~~~~~~~~~~~~~~~~~~~~~~~~~~~~~~~~~~~~~~~~~~~~~~~~~~~~~~~~~~~~~~~~~~~~~~~
<!-- Cannot fix this. Either always parentheses, or never when args empty -->
{% include './partials/arrowBtn.melody.twig' with {
    ref: prev | parensStripped
} only %}

<!-- reduce indentation depth -->
{% mount './web47490/PackageDealBadge' as 'PackageDealBadge' with {
        packageDealOTAId: accommodation.packageDealOTAId,
        destination: accommodation.locality.value,
        accommodationId: accommodation.id.id
    }
%}

<!-- Remove space at the end of attribute -->
<div id="pspIframe ">
    abcd
</div>

<p class="alert__message">
    {{
        'results_for'
            | translate({
                searchedterm: '<mark class="highlight-search-term">'
                    ~ semKeyword
                    ~ '</mark>'
            })
            | raw
    }}
</p>

<!-- don't break -->
{% if isLeftToRight %}
    Hund
{% endif %}

{% if isRTL %}
    {{ '&#8206;' | raw }}
{% endif %}

`;
