// Jest Snapshot v1, https://goo.gl/fbAQLP

exports[`failing.melody.twig 1`] = `
<!-- Cannot fix this. Either always parentheses, or never when args empty -->
{% include './partials/arrowBtn.melody.twig' with {
    ref: prev | parensStripped(),
} only %}

{% set replacement = {
    '$address': '<span itemprop="streetAddress">' ~ address_attributes.address ~ '</span>',
} %}

<!-- don't break -->
{% if isLeftToRight %}Hund{% endif %} 

{% if isRTL %}
        {{ '&#8206;' | raw }}
    {% endif %}

{% set isRewardRate = isMarriottRewardRate or 
    (rewardRateAltIds 
        and deal.dealId in rewardRateAltIds[accommodation.id.id]) 
%}

{% set isRewardRate = (isMarriottRewardRate or 
    rewardRateAltIds) 
        and deal.dealId in rewardRateAltIds[accommodation.id.id] 
%}

{##
# Ellipsis Loader Wrapper
#
# @param string key Unique key
# @param string [id] Element's unique id
# @param string [classList] Space separated list of classes to add to the loader
# @param boolean [isFullPage] Indicates whether the loader is full page or not
# @param boolean [isAbsolute] Indicates whether the loader is absolutely positioned or not
# @param string [type] Type of loader (one of branded, bright, or dark)
# @param string [text] Contains text to display below loading animation
# @param boolean [isVisible] Whether the loader is visible or not
# @param boolean [centreVertically] Whether the loader is vertically centred or not (default: true)
# @param object [attributeList] Object of key:value attribute pairs to add to the loader
#}

{##
 # Slideout Deal Description
 #
 #  @param boolean  isMultiRoom         MultiRoom Room Type
 #  @param string   description         Deal Description
 #  @param array    rateAttributes      Deal Attributes (array of string values)
 #  @param string   price               Deal price
 #}
~~~~~~~~~~~~~~~~~~~~~~~~~~~~~~~~~~~~~~~~~~~~~~~~~~~~~~~~~~~~~~~~~~~~~~~~~~~~~~~~
<!-- Cannot fix this. Either always parentheses, or never when args empty -->
{% include './partials/arrowBtn.melody.twig' with {
    ref: prev | parensStripped
} only %}

{% set replacement = {
        '$address': '<span itemprop="streetAddress">'
        ~ address_attributes.address
        ~ '</span>'
    }
%}

<!-- don't break -->
{% if isLeftToRight %}
    Hund
{% endif %}

{% if isRTL %}
    {{ '&#8206;' | raw }}
{% endif %}

{% set isRewardRate = isMarriottRewardRate
    or rewardRateAltIds and deal.dealId in rewardRateAltIds[accommodation.id.id]
%}

{% set isRewardRate = isMarriottRewardRate
    or rewardRateAltIds
    and deal.dealId in rewardRateAltIds[accommodation.id.id]
%}

{##
# Ellipsis Loader Wrapper
#
# @param string key Unique key
# @param string [id] Element's unique id
# @param string [classList] Space separated list of classes to add to the loader
# @param boolean [isFullPage] Indicates whether the loader is full page or not
# @param boolean [isAbsolute] Indicates whether the loader is absolutely positioned or not
# @param string [type] Type of loader (one of branded, bright, or dark)
# @param string [text] Contains text to display below loading animation
# @param boolean [isVisible] Whether the loader is visible or not
# @param boolean [centreVertically] Whether the loader is vertically centred or not (default: true)
# @param object [attributeList] Object of key:value attribute pairs to add to the loader
#}

{##
 # Slideout Deal Description
 #
 #  @param boolean  isMultiRoom         MultiRoom Room Type
 #  @param string   description         Deal Description
 #  @param array    rateAttributes      Deal Attributes (array of string values)
 #  @param string   price               Deal price
 #}

`;
