// Jest Snapshot v1, https://goo.gl/fbAQLP

exports[`htmlComments.melody.twig 1`] = `
<!-- I am a comment -->
This is a paragraph

<!-- I am a second comment -->

Another paragraph

<!-- I am a third comment -->


A third paragraph
~~~~~~~~~~~~~~~~~~~~~~~~~~~~~~~~~~~~~~~~~~~~~~~~~~~~~~~~~~~~~~~~~~~~~~~~~~~~~~~~
<!-- I am a comment -->
This is a paragraph

<!-- I am a second comment -->

Another paragraph

<!-- I am a third comment -->

A third paragraph

`;

exports[`twigComments.melody.twig 1`] = `
{# One #}

{# Two #}

{% if searchResultFailing %}
            {# This is a Twig comment #}
<li>No results found</li>
{% endif %}
~~~~~~~~~~~~~~~~~~~~~~~~~~~~~~~~~~~~~~~~~~~~~~~~~~~~~~~~~~~~~~~~~~~~~~~~~~~~~~~~
{# One #}

{# Two #}

{% if searchResultFailing %}
    {# This is a Twig comment #}
    <li>No results found</li>
{% endif %}

`;
