// Jest Snapshot v1, https://goo.gl/fbAQLP

exports[`twig-comments.melody.twig 1`] = `
{# One #}

{# Two #}

{% if searchResultFailing %}
            {# This is a Twig comment #}
<li>No results found</li>
{% endif %}
~~~~~~~~~~~~~~~~~~~~~~~~~~~~~~~~~~~~~~~~~~~~~~~~~~~~~~~~~~~~~~~~~~~~~~~~~~~~~~~~
{# One #}

{# Two #}

{% if searchResultFailing %}
    {# This is a Twig comment #}
    <li>No results found</li>
{% endif %}

`;
