// Jest Snapshot v1, https://goo.gl/fbAQLP

exports[`alwaysBreakObjects.melody.twig 1`] = `
<section class="{{ {
    base: css.prices
} | classes }}">
</section>
~~~~~~~~~~~~~~~~~~~~~~~~~~~~~~~~~~~~~~~~~~~~~~~~~~~~~~~~~~~~~~~~~~~~~~~~~~~~~~~~
<section class="{{ { base: css.prices } | classes }}"></section>

`;
