// Jest Snapshot v1, https://goo.gl/fbAQLP

exports[`autoescape.melody.twig 1`] = `
{% autoescape 'html' %}
<button type="button">Click me</button>
{% endautoescape %}

{% autoescape 'html' %}
<span>Yes</span>
{% endautoescape %}
~~~~~~~~~~~~~~~~~~~~~~~~~~~~~~~~~~~~~~~~~~~~~~~~~~~~~~~~~~~~~~~~~~~~~~~~~~~~~~~~
{% autoescape "html" %}
    <button type="button">Click me</button>
{% endautoescape %}

{% autoescape "html" %}<span>Yes</span>{% endautoescape %}

`;

exports[`block.melody.twig 1`] = `
<section key="0">
{% block hello %}
    <div key="1" class="test">
        <span>Hello</span>
    </div>
{% endblock %}
</section>

{% block bar foo %}

{{ block('hello') }}
~~~~~~~~~~~~~~~~~~~~~~~~~~~~~~~~~~~~~~~~~~~~~~~~~~~~~~~~~~~~~~~~~~~~~~~~~~~~~~~~
<section key="0">
    {% block hello %}
        <div key="1" class="test"><span>Hello</span></div>
    {% endblock %}
</section>

{% block bar foo %}

{{ block("hello") }}

`;

exports[`do.melody.twig 1`] = `
{% do 1 + 2 %}
~~~~~~~~~~~~~~~~~~~~~~~~~~~~~~~~~~~~~~~~~~~~~~~~~~~~~~~~~~~~~~~~~~~~~~~~~~~~~~~~
{% do 1 + 2 %}
`;

exports[`include.melody.twig 1`] = `
<div key="1" class="test">
    {{ message | lower | upper }}{% flush %}
    <span class="">{{ _context.name[1:] }}</span>
    {{ block('test') }}
    {{ include('test.twig') }}
    {% include 'test.twig' %}
</div>

{% include './Star.twig' only %}

{% include "./Flag.twig" with {
"styleModifier": flagModifiers,
"dataVariables": dataVariables,
"text": "ie_topdeal"
} only %}
~~~~~~~~~~~~~~~~~~~~~~~~~~~~~~~~~~~~~~~~~~~~~~~~~~~~~~~~~~~~~~~~~~~~~~~~~~~~~~~~
<div key="1" class="test">
    {{ message | lower | upper }}
    {% flush %}
    <span class="">{{ _context.name[1:] }}</span>
    {{ block("test") }}
    {{ include("test.twig") }}
    {% include "test.twig" %}
</div>

{% include "./Star.twig" only %}

{% include "./Flag.twig" with {
    "styleModifier": flagModifiers,
    "dataVariables": dataVariables,
    "text": "ie_topdeal"
} only %}

`;

exports[`mount.melody.twig 1`] = `
{% mount './component' as 'bar' %}

{% mount async './parts/#{ part }.twig' as 'bar-#{part}' with {foo: 'bar'} delay placeholder by 1s %}
  Loading...
{% catch err %}
  Failed to load with {{ err }}
{% endmount %}
~~~~~~~~~~~~~~~~~~~~~~~~~~~~~~~~~~~~~~~~~~~~~~~~~~~~~~~~~~~~~~~~~~~~~~~~~~~~~~~~
{% mount "./component" as "bar" %}

{% mount async
    "./parts/" ~ part ~ ".twig"
    as "bar-" ~ part
    with { "foo": "bar" }
    delay placeholder by 1s
%}
    Loading...
{% catch err %}
    Failed to load with {{ err }}
{% endmount %}

`;

exports[`set.melody.twig 1`] = `
{% set list = [1, 2] %}
{% set foo = 0 %}
{% set foo = 'foo' ~ 'bar' %}
{% set foo = {'fruit': 'apple', 'shape': 'round', 'taste': 'sweet', 'region': 'Europe' } %}
{% set foo = {'fruit': 'apple', 'shape': 'round', 'taste': 'sweet', 'region': 'Europe', 'colour': 'reddish' } %}
{% set foo, bar = 'foo', 'bar' %}
{% set foo %}
    <div id="pagination">
        Some text
    </div>
{% endset %}
~~~~~~~~~~~~~~~~~~~~~~~~~~~~~~~~~~~~~~~~~~~~~~~~~~~~~~~~~~~~~~~~~~~~~~~~~~~~~~~~
{% set list = [1, 2] %}

{% set foo = 0 %}

{% set foo = "foo" ~ "bar" %}

{% set foo =
    { "fruit": "apple", "shape": "round", "taste": "sweet", "region": "Europe" }
%}

{% set foo =
    {
        "fruit": "apple",
        "shape": "round",
        "taste": "sweet",
        "region": "Europe",
        "colour": "reddish"
    }
%}

{% set foo = "foo" %}
{% set bar = "bar" %}

{% set foo %}
    <div id="pagination">Some text</div>
{% endset %}

`;

exports[`spaceless.melody.twig 1`] = `
{% spaceless %}
<div class="qtp-item__text">
    Receive {{ formattedIncentive }} cash back for testing this hotel.
    Or just <span> be </span> happy!
</div>
{% endspaceless %}
~~~~~~~~~~~~~~~~~~~~~~~~~~~~~~~~~~~~~~~~~~~~~~~~~~~~~~~~~~~~~~~~~~~~~~~~~~~~~~~~
{% spaceless %}
    <div class="qtp-item__text">
        Receive
        {{ formattedIncentive }}
        cash back for testing this hotel. Or just
        <span>be </span>
        happy!
    </div>
{% endspaceless %}

`;

exports[`useStatement.melody.twig 1`] = `
{% use "foo.twig" %}

{% use "blocks.html" with sidebar as base_sidebar, title as base_title %}

{% use "extraLongNameBlocks.html" with sidebar as base_sidebar, title as base_title %}
~~~~~~~~~~~~~~~~~~~~~~~~~~~~~~~~~~~~~~~~~~~~~~~~~~~~~~~~~~~~~~~~~~~~~~~~~~~~~~~~
{% use "foo.twig" %}

{% use "blocks.html" with sidebar as base_sidebar, title as base_title %}

{% use "extraLongNameBlocks.html" with
    sidebar as base_sidebar,
    title as base_title
%}

`;
